==6006== Memcheck, a memory error detector
==6006== Copyright (C) 2002-2022, and GNU GPL'd, by Julian Seward et al.
==6006== Using Valgrind-3.21.0.GIT-lbmacos and LibVEX; rerun with -h for copyright info
==6006== Command: ./minishell export test=
==6006== Parent PID: 98055
==6006== 
--6006-- run: /usr/bin/dsymutil "./minishell"
==6006== Invalid write of size 8
==6006==    at 0x100001D93: envp_strs_join (built_export.c:227)
==6006==    by 0x100002027: built_export (built_export.c:287)
==6006==    by 0x100000CC4: main (main.c:84)
==6006==  Address 0x1008c26d0 is 16 bytes before a block of size 352 alloc'd
==6006==    at 0x100124545: malloc (in /System/Volumes/Data/sgoinfre/goinfre/Perso/nimai/homebrew/Cellar/valgrind/HEAD-73c9e41/libexec/valgrind/vgpreload_memcheck-amd64-darwin.so)
==6006==    by 0x100001D2B: envp_strs_join (built_export.c:218)
==6006==    by 0x100002027: built_export (built_export.c:287)
==6006==    by 0x100000CC4: main (main.c:84)
==6006== 
==6006== Invalid read of size 8
==6006==    at 0x100001D9F: envp_strs_join (built_export.c:228)
==6006==    by 0x100002027: built_export (built_export.c:287)
==6006==    by 0x100000CC4: main (main.c:84)
==6006==  Address 0x1008c26d0 is 16 bytes before a block of size 352 alloc'd
==6006==    at 0x100124545: malloc (in /System/Volumes/Data/sgoinfre/goinfre/Perso/nimai/homebrew/Cellar/valgrind/HEAD-73c9e41/libexec/valgrind/vgpreload_memcheck-amd64-darwin.so)
==6006==    by 0x100001D2B: envp_strs_join (built_export.c:218)
==6006==    by 0x100002027: built_export (built_export.c:287)
==6006==    by 0x100000CC4: main (main.c:84)
==6006== 
==6006== Invalid write of size 8
==6006==    at 0x100001DCE: envp_strs_join (built_export.c:230)
==6006==    by 0x100002027: built_export (built_export.c:287)
==6006==    by 0x100000CC4: main (main.c:84)
==6006==  Address 0x1008c26d0 is 16 bytes before a block of size 352 alloc'd
==6006==    at 0x100124545: malloc (in /System/Volumes/Data/sgoinfre/goinfre/Perso/nimai/homebrew/Cellar/valgrind/HEAD-73c9e41/libexec/valgrind/vgpreload_memcheck-amd64-darwin.so)
==6006==    by 0x100001D2B: envp_strs_join (built_export.c:218)
==6006==    by 0x100002027: built_export (built_export.c:287)
==6006==    by 0x100000CC4: main (main.c:84)
==6006== 
==6006== Invalid read of size 8
==6006==    at 0x100000F67: av_amount (built_exit.c:54)
==6006==    by 0x1000019C8: fill_list (built_export.c:67)
==6006==    by 0x1000020B4: built_export (built_export.c:300)
==6006==    by 0x100000CC4: main (main.c:84)
==6006==  Address 0x1008c26d8 is 8 bytes before a block of size 352 alloc'd
==6006==    at 0x100124545: malloc (in /System/Volumes/Data/sgoinfre/goinfre/Perso/nimai/homebrew/Cellar/valgrind/HEAD-73c9e41/libexec/valgrind/vgpreload_memcheck-amd64-darwin.so)
==6006==    by 0x100001D2B: envp_strs_join (built_export.c:218)
==6006==    by 0x100002027: built_export (built_export.c:287)
==6006==    by 0x100000CC4: main (main.c:84)
==6006== 
==6006== Conditional jump or move depends on uninitialised value(s)
==6006==    at 0x100000F6C: av_amount (built_exit.c:54)
==6006==    by 0x1000019C8: fill_list (built_export.c:67)
==6006==    by 0x1000020B4: built_export (built_export.c:300)
==6006==    by 0x100000CC4: main (main.c:84)
==6006== 
==6006== Invalid read of size 8
==6006==    at 0x100001A0F: fill_list (built_export.c:72)
==6006==    by 0x1000020B4: built_export (built_export.c:300)
==6006==    by 0x100000CC4: main (main.c:84)
==6006==  Address 0x1008c26d8 is 8 bytes before a block of size 352 alloc'd
==6006==    at 0x100124545: malloc (in /System/Volumes/Data/sgoinfre/goinfre/Perso/nimai/homebrew/Cellar/valgrind/HEAD-73c9e41/libexec/valgrind/vgpreload_memcheck-amd64-darwin.so)
==6006==    by 0x100001D2B: envp_strs_join (built_export.c:218)
==6006==    by 0x100002027: built_export (built_export.c:287)
==6006==    by 0x100000CC4: main (main.c:84)
==6006== 
==6006== Invalid read of size 8
==6006==    at 0x100001A36: fill_list (built_export.c:75)
==6006==    by 0x1000020B4: built_export (built_export.c:300)
==6006==    by 0x100000CC4: main (main.c:84)
==6006==  Address 0x1008c26d8 is 8 bytes before a block of size 352 alloc'd
==6006==    at 0x100124545: malloc (in /System/Volumes/Data/sgoinfre/goinfre/Perso/nimai/homebrew/Cellar/valgrind/HEAD-73c9e41/libexec/valgrind/vgpreload_memcheck-amd64-darwin.so)
==6006==    by 0x100001D2B: envp_strs_join (built_export.c:218)
==6006==    by 0x100002027: built_export (built_export.c:287)
==6006==    by 0x100000CC4: main (main.c:84)
==6006== 
==6006== Invalid read of size 8
==6006==    at 0x100001AF9: fill_list (built_export.c:81)
==6006==    by 0x1000020B4: built_export (built_export.c:300)
==6006==    by 0x100000CC4: main (main.c:84)
==6006==  Address 0x1008c26d8 is 8 bytes before a block of size 352 alloc'd
==6006==    at 0x100124545: malloc (in /System/Volumes/Data/sgoinfre/goinfre/Perso/nimai/homebrew/Cellar/valgrind/HEAD-73c9e41/libexec/valgrind/vgpreload_memcheck-amd64-darwin.so)
==6006==    by 0x100001D2B: envp_strs_join (built_export.c:218)
==6006==    by 0x100002027: built_export (built_export.c:287)
==6006==    by 0x100000CC4: main (main.c:84)
==6006== 
==6006== Invalid read of size 8
==6006==    at 0x100001B13: fill_list (built_export.c:82)
==6006==    by 0x1000020B4: built_export (built_export.c:300)
==6006==    by 0x100000CC4: main (main.c:84)
==6006==  Address 0x1008c26d8 is 8 bytes before a block of size 352 alloc'd
==6006==    at 0x100124545: malloc (in /System/Volumes/Data/sgoinfre/goinfre/Perso/nimai/homebrew/Cellar/valgrind/HEAD-73c9e41/libexec/valgrind/vgpreload_memcheck-amd64-darwin.so)
==6006==    by 0x100001D2B: envp_strs_join (built_export.c:218)
==6006==    by 0x100002027: built_export (built_export.c:287)
==6006==    by 0x100000CC4: main (main.c:84)
==6006== 
==6006== Invalid read of size 8
==6006==    at 0x100001B27: fill_list (built_export.c:82)
==6006==    by 0x1000020B4: built_export (built_export.c:300)
==6006==    by 0x100000CC4: main (main.c:84)
==6006==  Address 0x1008c26d8 is 8 bytes before a block of size 352 alloc'd
==6006==    at 0x100124545: malloc (in /System/Volumes/Data/sgoinfre/goinfre/Perso/nimai/homebrew/Cellar/valgrind/HEAD-73c9e41/libexec/valgrind/vgpreload_memcheck-amd64-darwin.so)
==6006==    by 0x100001D2B: envp_strs_join (built_export.c:218)
==6006==    by 0x100002027: built_export (built_export.c:287)
==6006==    by 0x100000CC4: main (main.c:84)
==6006== 
==6006== Invalid read of size 8
==6006==    at 0x100001B78: fill_list (built_export.c:83)
==6006==    by 0x1000020B4: built_export (built_export.c:300)
==6006==    by 0x100000CC4: main (main.c:84)
==6006==  Address 0x1008c26d8 is 8 bytes before a block of size 352 alloc'd
==6006==    at 0x100124545: malloc (in /System/Volumes/Data/sgoinfre/goinfre/Perso/nimai/homebrew/Cellar/valgrind/HEAD-73c9e41/libexec/valgrind/vgpreload_memcheck-amd64-darwin.so)
==6006==    by 0x100001D2B: envp_strs_join (built_export.c:218)
==6006==    by 0x100002027: built_export (built_export.c:287)
==6006==    by 0x100000CC4: main (main.c:84)
==6006== 
==6006== Invalid read of size 8
==6006==    at 0x100000F67: av_amount (built_exit.c:54)
==6006==    by 0x1000020CC: built_export (built_export.c:301)
==6006==    by 0x100000CC4: main (main.c:84)
==6006==  Address 0x1008c26d8 is 8 bytes before a block of size 352 alloc'd
==6006==    at 0x100124545: malloc (in /System/Volumes/Data/sgoinfre/goinfre/Perso/nimai/homebrew/Cellar/valgrind/HEAD-73c9e41/libexec/valgrind/vgpreload_memcheck-amd64-darwin.so)
==6006==    by 0x100001D2B: envp_strs_join (built_export.c:218)
==6006==    by 0x100002027: built_export (built_export.c:287)
==6006==    by 0x100000CC4: main (main.c:84)
==6006== 
==6006== Conditional jump or move depends on uninitialised value(s)
==6006==    at 0x100000F6C: av_amount (built_exit.c:54)
==6006==    by 0x1000020CC: built_export (built_export.c:301)
==6006==    by 0x100000CC4: main (main.c:84)
==6006== 
==6006== Invalid read of size 8
==6006==    at 0x100000F67: av_amount (built_exit.c:54)
==6006==    by 0x1000020F0: built_export (built_export.c:302)
==6006==    by 0x100000CC4: main (main.c:84)
==6006==  Address 0x1008c26d8 is 8 bytes before a block of size 352 alloc'd
==6006==    at 0x100124545: malloc (in /System/Volumes/Data/sgoinfre/goinfre/Perso/nimai/homebrew/Cellar/valgrind/HEAD-73c9e41/libexec/valgrind/vgpreload_memcheck-amd64-darwin.so)
==6006==    by 0x100001D2B: envp_strs_join (built_export.c:218)
==6006==    by 0x100002027: built_export (built_export.c:287)
==6006==    by 0x100000CC4: main (main.c:84)
==6006== 
==6006== Conditional jump or move depends on uninitialised value(s)
==6006==    at 0x100000F6C: av_amount (built_exit.c:54)
==6006==    by 0x1000020F0: built_export (built_export.c:302)
==6006==    by 0x100000CC4: main (main.c:84)
==6006== 
==6006== Invalid read of size 8
==6006==    at 0x100000F67: av_amount (built_exit.c:54)
==6006==    by 0x10000283B: strs_free (free.c:40)
==6006==    by 0x100002109: built_export (built_export.c:303)
==6006==    by 0x100000CC4: main (main.c:84)
==6006==  Address 0x1008c26d8 is 8 bytes before a block of size 352 alloc'd
==6006==    at 0x100124545: malloc (in /System/Volumes/Data/sgoinfre/goinfre/Perso/nimai/homebrew/Cellar/valgrind/HEAD-73c9e41/libexec/valgrind/vgpreload_memcheck-amd64-darwin.so)
==6006==    by 0x100001D2B: envp_strs_join (built_export.c:218)
==6006==    by 0x100002027: built_export (built_export.c:287)
==6006==    by 0x100000CC4: main (main.c:84)
==6006== 
==6006== Conditional jump or move depends on uninitialised value(s)
==6006==    at 0x100000F6C: av_amount (built_exit.c:54)
==6006==    by 0x10000283B: strs_free (free.c:40)
==6006==    by 0x100002109: built_export (built_export.c:303)
==6006==    by 0x100000CC4: main (main.c:84)
==6006== 
==6006== Invalid read of size 8
==6006==    at 0x100002853: strs_free (free.c:43)
==6006==    by 0x100002109: built_export (built_export.c:303)
==6006==    by 0x100000CC4: main (main.c:84)
==6006==  Address 0x1008c26d8 is 8 bytes before a block of size 352 alloc'd
==6006==    at 0x100124545: malloc (in /System/Volumes/Data/sgoinfre/goinfre/Perso/nimai/homebrew/Cellar/valgrind/HEAD-73c9e41/libexec/valgrind/vgpreload_memcheck-amd64-darwin.so)
==6006==    by 0x100001D2B: envp_strs_join (built_export.c:218)
==6006==    by 0x100002027: built_export (built_export.c:287)
==6006==    by 0x100000CC4: main (main.c:84)
==6006== 
==6006== Invalid free() / delete / delete[] / realloc()
==6006==    at 0x10012491D: free (in /System/Volumes/Data/sgoinfre/goinfre/Perso/nimai/homebrew/Cellar/valgrind/HEAD-73c9e41/libexec/valgrind/vgpreload_memcheck-amd64-darwin.so)
==6006==    by 0x10000285B: strs_free (free.c:43)
==6006==    by 0x100002109: built_export (built_export.c:303)
==6006==    by 0x100000CC4: main (main.c:84)
==6006==  Address 0x1049157d8 is on thread 1's stack
==6006== 
==6006== Invalid write of size 8
==6006==    at 0x100002864: strs_free (free.c:44)
==6006==    by 0x100002109: built_export (built_export.c:303)
==6006==    by 0x100000CC4: main (main.c:84)
==6006==  Address 0x1008c26d8 is 8 bytes before a block of size 352 alloc'd
==6006==    at 0x100124545: malloc (in /System/Volumes/Data/sgoinfre/goinfre/Perso/nimai/homebrew/Cellar/valgrind/HEAD-73c9e41/libexec/valgrind/vgpreload_memcheck-amd64-darwin.so)
==6006==    by 0x100001D2B: envp_strs_join (built_export.c:218)
==6006==    by 0x100002027: built_export (built_export.c:287)
==6006==    by 0x100000CC4: main (main.c:84)
==6006== 
==6006== Invalid free() / delete / delete[] / realloc()
==6006==    at 0x10012491D: free (in /System/Volumes/Data/sgoinfre/goinfre/Perso/nimai/homebrew/Cellar/valgrind/HEAD-73c9e41/libexec/valgrind/vgpreload_memcheck-amd64-darwin.so)
==6006==    by 0x100002885: strs_free (free.c:47)
==6006==    by 0x100002109: built_export (built_export.c:303)
==6006==    by 0x100000CC4: main (main.c:84)
==6006==  Address 0x1008c26d8 is 8 bytes before a block of size 352 alloc'd
==6006==    at 0x100124545: malloc (in /System/Volumes/Data/sgoinfre/goinfre/Perso/nimai/homebrew/Cellar/valgrind/HEAD-73c9e41/libexec/valgrind/vgpreload_memcheck-amd64-darwin.so)
==6006==    by 0x100001D2B: envp_strs_join (built_export.c:218)
==6006==    by 0x100002027: built_export (built_export.c:287)
==6006==    by 0x100000CC4: main (main.c:84)
==6006== 
==6006== Invalid free() / delete / delete[] / realloc()
==6006==    at 0x10012491D: free (in /System/Volumes/Data/sgoinfre/goinfre/Perso/nimai/homebrew/Cellar/valgrind/HEAD-73c9e41/libexec/valgrind/vgpreload_memcheck-amd64-darwin.so)
==6006==    by 0x100002119: built_export (built_export.c:304)
==6006==    by 0x100000CC4: main (main.c:84)
==6006==  Address 0x1008c26d8 is 8 bytes before a block of size 352 alloc'd
==6006==    at 0x100124545: malloc (in /System/Volumes/Data/sgoinfre/goinfre/Perso/nimai/homebrew/Cellar/valgrind/HEAD-73c9e41/libexec/valgrind/vgpreload_memcheck-amd64-darwin.so)
==6006==    by 0x100001D2B: envp_strs_join (built_export.c:218)
==6006==    by 0x100002027: built_export (built_export.c:287)
==6006==    by 0x100000CC4: main (main.c:84)
==6006== 
==6006== Conditional jump or move depends on uninitialised value(s)
==6006==    at 0x100002767: arr_free (free.c:20)
==6006==    by 0x10000213F: built_export (built_export.c:307)
==6006==    by 0x100000CC4: main (main.c:84)
==6006== 
==6006== Invalid free() / delete / delete[] / realloc()
==6006==    at 0x10012491D: free (in /System/Volumes/Data/sgoinfre/goinfre/Perso/nimai/homebrew/Cellar/valgrind/HEAD-73c9e41/libexec/valgrind/vgpreload_memcheck-amd64-darwin.so)
==6006==    by 0x1000028E5: ptr_free (free.c:60)
==6006==    by 0x100002957: all_tmp_free (free.c:71)
==6006==    by 0x100000E7A: main (main.c:109)
==6006==  Address 0x1049157a7 is on thread 1's stack
==6006== 
==6006== Invalid free() / delete / delete[] / realloc()
==6006==    at 0x10012491D: free (in /System/Volumes/Data/sgoinfre/goinfre/Perso/nimai/homebrew/Cellar/valgrind/HEAD-73c9e41/libexec/valgrind/vgpreload_memcheck-amd64-darwin.so)
==6006==    by 0x10000290F: ptr_free (free.c:64)
==6006==    by 0x100002957: all_tmp_free (free.c:71)
==6006==    by 0x100000E7A: main (main.c:109)
==6006==  Address 0x104915610 is on thread 1's stack
==6006== 
==6006== Invalid read of size 8
==6006==    at 0x100000F67: av_amount (built_exit.c:54)
==6006==    by 0x1000028C9: ptr_free (free.c:58)
==6006==    by 0x100002971: all_tmp_free (free.c:73)
==6006==    by 0x100000E7A: main (main.c:109)
==6006==  Address 0x1008c26d8 is 8 bytes before a block of size 352 alloc'd
==6006==    at 0x100124545: malloc (in /System/Volumes/Data/sgoinfre/goinfre/Perso/nimai/homebrew/Cellar/valgrind/HEAD-73c9e41/libexec/valgrind/vgpreload_memcheck-amd64-darwin.so)
==6006==    by 0x100001D2B: envp_strs_join (built_export.c:218)
==6006==    by 0x100002027: built_export (built_export.c:287)
==6006==    by 0x100000CC4: main (main.c:84)
==6006== 
==6006== Invalid free() / delete / delete[] / realloc()
==6006==    at 0x10012491D: free (in /System/Volumes/Data/sgoinfre/goinfre/Perso/nimai/homebrew/Cellar/valgrind/HEAD-73c9e41/libexec/valgrind/vgpreload_memcheck-amd64-darwin.so)
==6006==    by 0x10000290F: ptr_free (free.c:64)
==6006==    by 0x100002971: all_tmp_free (free.c:73)
==6006==    by 0x100000E7A: main (main.c:109)
==6006==  Address 0x1008c26d8 is 8 bytes before a block of size 352 alloc'd
==6006==    at 0x100124545: malloc (in /System/Volumes/Data/sgoinfre/goinfre/Perso/nimai/homebrew/Cellar/valgrind/HEAD-73c9e41/libexec/valgrind/vgpreload_memcheck-amd64-darwin.so)
==6006==    by 0x100001D2B: envp_strs_join (built_export.c:218)
==6006==    by 0x100002027: built_export (built_export.c:287)
==6006==    by 0x100000CC4: main (main.c:84)
==6006== 
==6006== 
==6006== HEAP SUMMARY:
==6006==     in use at exit: 102,484 bytes in 205 blocks
==6006==   total heap usage: 342 allocs, 181 frees, 284,529 bytes allocated
==6006== 
==6006== 352 bytes in 1 blocks are definitely lost in loss record 30 of 40
==6006==    at 0x100124545: malloc (in /System/Volumes/Data/sgoinfre/goinfre/Perso/nimai/homebrew/Cellar/valgrind/HEAD-73c9e41/libexec/valgrind/vgpreload_memcheck-amd64-darwin.so)
==6006==    by 0x100001D2B: envp_strs_join (built_export.c:218)
==6006==    by 0x100002027: built_export (built_export.c:287)
==6006==    by 0x100000CC4: main (main.c:84)
==6006== 
==6006== 2,000 bytes in 1 blocks are definitely lost in loss record 35 of 40
==6006==    at 0x100124545: malloc (in /System/Volumes/Data/sgoinfre/goinfre/Perso/nimai/homebrew/Cellar/valgrind/HEAD-73c9e41/libexec/valgrind/vgpreload_memcheck-amd64-darwin.so)
==6006==    by 0x100003500: ft_calloc (in ./minishell)
==6006==    by 0x100001E0E: envp_strs_join (built_export.c:236)
==6006==    by 0x100002027: built_export (built_export.c:287)
==6006==    by 0x100000CC4: main (main.c:84)
==6006== 
==6006== 82,000 bytes in 41 blocks are definitely lost in loss record 40 of 40
==6006==    at 0x100124545: malloc (in /System/Volumes/Data/sgoinfre/goinfre/Perso/nimai/homebrew/Cellar/valgrind/HEAD-73c9e41/libexec/valgrind/vgpreload_memcheck-amd64-darwin.so)
==6006==    by 0x100003500: ft_calloc (in ./minishell)
==6006==    by 0x100001D8A: envp_strs_join (built_export.c:227)
==6006==    by 0x100002027: built_export (built_export.c:287)
==6006==    by 0x100000CC4: main (main.c:84)
==6006== 
==6006== LEAK SUMMARY:
==6006==    definitely lost: 84,352 bytes in 43 blocks
==6006==    indirectly lost: 0 bytes in 0 blocks
==6006==      possibly lost: 0 bytes in 0 blocks
==6006==    still reachable: 0 bytes in 0 blocks
==6006==         suppressed: 18,132 bytes in 162 blocks
==6006== 
==6006== Use --track-origins=yes to see where uninitialised values come from
==6006== For lists of detected and suppressed errors, rerun with: -s
==6006== ERROR SUMMARY: 75 errors from 30 contexts (suppressed: 5 from 5)
